// Jest Snapshot v1, https://goo.gl/fbAQLP

exports[`Trends component component matches snapshot with no ratings 1`] = `
<styled.div>
  <styled.div>
    No data available, try leaving a comment!
  </styled.div>
</styled.div>
`;

exports[`Trends component component matches snapshot with ratings 1`] = `
<styled.div>
  <Doughnut
    data={
      Object {
        "datasets": Array [
          Object {
            "backgroundColor": Array [
              "#E8E8E8",
              "#03FC28",
              "#FF6384",
              "#FFCE56",
              "#A230FF",
              "#36A2EB",
            ],
            "borderColor": "#000000",
            "borderWidth": 1,
            "data": Array [
              0,
              1,
              1,
              1,
              2,
              1,
            ],
            "hoverBackgroundColor": Array [
              "#EDEDED",
              "#D3FCC2",
              "#F7BCBC",
              "#FFF8C7",
              "#CE91FF",
              "#C3D7F7",
            ],
            "hoverBorderColor": "#B5B5B5",
            "label": "Ratings",
          },
        ],
        "labels": Array [
          "0 stars",
          "1 star",
          "2 stars",
          "3 stars",
          "4 stars",
          "5 stars",
        ],
      }
    }
    height={50}
    options={
      Object {
        "maintainAspectRatio": false,
      }
    }
    width={100}
  />
</styled.div>
`;
