// Jest Snapshot v1, https://goo.gl/fbAQLP

exports[`IndividualComment component component matches snapshot 1`] = `
<styled.div>
  <div>
    <strong>
      Name: 
    </strong>
    Jack
  </div>
  <div>
    <strong>
      Rating: 
    </strong>
    2
  </div>
  <div>
    <strong>
      Email: 
    </strong>
    something@aol.com
  </div>
  <div>
    <strong>
      Comment: 
    </strong>
    adequate product
  </div>
</styled.div>
`;
