// Jest Snapshot v1, https://goo.gl/fbAQLP

exports[`IndividualComment component component matches snapshot 1`] = `
<styled.div>
  <styled.div>
    <strong>
      Name:
    </strong>
     
    Jack
  </styled.div>
  <styled.div>
    <strong>
      Rating:
    </strong>
     
    2
  </styled.div>
  <styled.div>
    <strong>
      Email:
    </strong>
     
    something@aol.com
  </styled.div>
  <styled.div>
    <strong>
      Comment:
    </strong>
     
    adequate product
  </styled.div>
</styled.div>
`;
